Bsd <bsd version>
Type :? for help.

bsd-repl> :l doc-comments.bsd
Added <number omitted> variables.

bsd-repl> :doc nonStrict
Function `nonStrict`\
  … defined at /path/to/tests/functional/repl/doc-comments.bsd:60:5


My syntax is not strict, but I'm strict anyway.

bsd-repl> :doc strict
Function `strict`\
  … defined at /path/to/tests/functional/repl/doc-comments.bsd:65:5


I don't have to be strict, but I am anyway.

bsd-repl> :doc strictPre
Function `strictPre`\
  … defined at /path/to/tests/functional/repl/doc-comments.bsd:71:5


Here's one way to do this

bsd-repl> :doc strictPost
Function `strictPost`\
  … defined at /path/to/tests/functional/repl/doc-comments.bsd:76:5


Here's another way to do this
