Bsd <bsd version>
Type :? for help.

bsd-repl> :l pretty-print-idempotent.bsd
Added <number omitted> variables.

bsd-repl> oneDeep
{ homepage = "https://example.com"; }

bsd-repl> oneDeep
{ homepage = "https://example.com"; }

bsd-repl> twoDeep
{
  layerOne = { ... };
}

bsd-repl> twoDeep
{
  layerOne = { ... };
}

bsd-repl> oneDeepList
[ "https://example.com" ]

bsd-repl> oneDeepList
[ "https://example.com" ]

bsd-repl> twoDeepList
[
  [ ... ]
]

bsd-repl> twoDeepList
[
  [ ... ]
]
